Total Registrations: 2
ID: 1, Student ID: 18, Status: [approved], Period ID: NULL, Posto ID: NULL
  Is Assigned to any posto: NO
ID: 2, Student ID: 17, Status: [approved], Period ID: NULL, Posto ID: NULL
  Is Assigned to any posto: NO
First Posto ID: 1, Name: Posko 1, Period ID: 1
  Assigned Student IDs in this period: 
